// Vitest Snapshot v1, https://vitest.dev/guide/snapshot.html

exports[`publishes the browser-test prompt and real pinned tool catalog 1`] = `
{
  "prompt": {
    "name": "tool:browser-chrome-devtools",
    "text": "Browser automation is available through tools prefixed mcp__chrome__. For delegated or parallel web tests, create the first page with a unique isolatedContext and use only pageIds returned for that context. For reliable web tests, keep pageId explicit, use take_snapshot plus element UIDs for ordinary interaction, and use take_screenshot for visual assertions or click_at only when the snapshot cannot identify the target. When preserving browser evidence as a file, create its parent directory with an available filesystem tool, then pass a filePath relative to the current session workspace; absolute paths outside that workspace are rejected. After critical actions, inspect visible state and relevant console or network failures. Report a test as passing only when the observed evidence satisfies the requested behavior.",
  },
  "screenshot": {
    "description": "Take a screenshot of the page or element.",
    "name": "mcp__chrome__take_screenshot",
    "parameters": {
      "$schema": "http://json-schema.org/draft-07/schema#",
      "additionalProperties": true,
      "properties": {
        "filePath": {
          "description": "The absolute path, or a path relative to the current working directory, to save the screenshot to instead of attaching it to the response.",
          "type": "string",
        },
        "format": {
          "default": "webp",
          "description": "Type of format to save the screenshot as. Default is "webp"",
          "enum": [
            "png",
            "jpeg",
            "webp",
          ],
          "type": "string",
        },
        "fullPage": {
          "description": "If set to true takes a screenshot of the full page instead of the currently visible viewport. Incompatible with uid.",
          "type": "boolean",
        },
        "pageId": {
          "description": "Targets a specific page by ID.",
          "type": "number",
        },
        "quality": {
          "description": "Compression quality for JPEG and WebP formats (0-100). Higher values mean better quality but larger file sizes. Ignored for PNG format.",
          "maximum": 100,
          "minimum": 0,
          "type": "number",
        },
        "uid": {
          "description": "The uid of an element on the page from the page content snapshot. If omitted, takes a page screenshot.",
          "type": "string",
        },
      },
      "required": [
        "pageId",
      ],
      "type": "object",
    },
  },
  "toolNames": [
    "mcp__chrome__click",
    "mcp__chrome__click_at",
    "mcp__chrome__close_page",
    "mcp__chrome__drag",
    "mcp__chrome__emulate",
    "mcp__chrome__evaluate_script",
    "mcp__chrome__fill",
    "mcp__chrome__fill_form",
    "mcp__chrome__get_console_message",
    "mcp__chrome__get_network_request",
    "mcp__chrome__handle_dialog",
    "mcp__chrome__hover",
    "mcp__chrome__lighthouse_audit",
    "mcp__chrome__list_console_messages",
    "mcp__chrome__list_network_requests",
    "mcp__chrome__list_pages",
    "mcp__chrome__navigate_page",
    "mcp__chrome__new_page",
    "mcp__chrome__performance_analyze_insight",
    "mcp__chrome__performance_start_trace",
    "mcp__chrome__performance_stop_trace",
    "mcp__chrome__press_key",
    "mcp__chrome__resize_page",
    "mcp__chrome__select_page",
    "mcp__chrome__take_heapsnapshot",
    "mcp__chrome__take_screenshot",
    "mcp__chrome__take_snapshot",
    "mcp__chrome__type_text",
    "mcp__chrome__upload_file",
    "mcp__chrome__wait_for",
  ],
}
`;
